<html>
<body>
<pre>
<h1>µVision Build Log</h1>
<h2>Tool Versions:</h2>
IDE-Version: µVision V5.35.0.0
Copyright (C) 2021 ARM Ltd and ARM Germany GmbH. All rights reserved.
License Information: Brady Forbush, Utah State University, LIC=----
 
Tool Versions:
Toolchain:       MDK-Lite  Version: 5.35.0.2
Toolchain Path:  C:\Keil_v5\ARM\ARMCLANG\Bin
C Compiler:      ArmClang.exe V6.16
Assembler:       Armasm.exe V6.16
Linker/Locator:  ArmLink.exe V6.16
Library Manager: ArmAr.exe V6.16
Hex Converter:   FromElf.exe V6.16
CPU DLL:         SARMCM3.DLL V5.35.0.2
Dialog DLL:      DCM.DLL V1.17.3.0
Target DLL:      STLink\ST-LINKIII-KEIL_SWO.dll V3.0.9.0
Dialog DLL:      TCM.DLL V1.53.0.0
 
<h2>Project:</h2>
C:\Users\A02308044\Documents\5780\Lab4\Lab2.uvprojx
Project File Date:  02/22/2024

<h2>Output:</h2>
*** Using Compiler 'V6.16', folder: 'C:\Keil_v5\ARM\ARMCLANG\Bin'
Rebuild target 'Target 1'
assembling startup_stm32l476xx.s...
compiling freertos_evr.c...
compiling list.c...
compiling system_stm32l4xx.c...
C:/Users/Admin/AppData/Local/Arm/Packs/ARM/CMSIS-FreeRTOS/10.5.1/Source/portable/MemMang/heap_4.c(220): warning: empty expression statement has no effect; remove unnecessary ';' to silence this warning [-Wextra-semi-stmt]
                        configASSERT( ( ( ( size_t ) pxNewBlockLink ) & portBYTE_ALIGNMENT_MASK ) == 0 );
                                                                                                        ^
C:/Users/Admin/AppData/Local/Arm/Packs/ARM/CMSIS-FreeRTOS/10.5.1/Source/portable/MemMang/heap_4.c(284): warning: empty expression statement has no effect; remove unnecessary ';' to silence this warning [-Wextra-semi-stmt]
    configASSERT( ( ( ( size_t ) pvReturn ) & ( size_t ) portBYTE_ALIGNMENT_MASK ) == 0 );
                                                                                         ^
C:/Users/Admin/AppData/Local/Arm/Packs/ARM/CMSIS-FreeRTOS/10.5.1/Source/portable/MemMang/heap_4.c(303): warning: empty expression statement has no effect; remove unnecessary ';' to silence this warning [-Wextra-semi-stmt]
        configASSERT( heapBLOCK_IS_ALLOCATED( pxLink ) != 0 );
                                                             ^
C:/Users/Admin/AppData/Local/Arm/Packs/ARM/CMSIS-FreeRTOS/10.5.1/Source/portable/MemMang/heap_4.c(304): warning: empty expression statement has no effect; remove unnecessary ';' to silence this warning [-Wextra-semi-stmt]
        configASSERT( pxLink->pxNextFreeBlock == NULL );
                                                       ^
C:/Users/Admin/AppData/Local/Arm/Packs/ARM/CMSIS-FreeRTOS/10.5.1/Source/portable/MemMang/heap_4.c(414): warning: cast from 'uint8_t *' (aka 'unsigned char *') to 'BlockLink_t *' (aka 'struct A_BLOCK_LINK *') increases required alignment from 1 to 4 [-Wcast-align]
    pxFirstFreeBlock = ( BlockLink_t * ) pucAlignedHeap;
                       ^~~~~~~~~~~~~~~~~~~~~~~~~~~~~~~~
5 warnings generated.
compiling heap_4.c...
C:/Users/Admin/AppData/Local/Arm/Packs/ARM/CMSIS-FreeRTOS/10.5.1/Source/portable/GCC/ARM_CM4F/port.c(234): warning: empty expression statement has no effect; remove unnecessary ';' to silence this warning [-Wextra-semi-stmt]
    configASSERT( uxCriticalNesting == ~0UL );
                                             ^
C:/Users/Admin/AppData/Local/Arm/Packs/ARM/CMSIS-FreeRTOS/10.5.1/Source/portable/GCC/ARM_CM4F/port.c(300): warning: empty expression statement has no effect; remove unnecessary ';' to silence this warning [-Wextra-semi-stmt]
    configASSERT( configMAX_SYSCALL_INTERRUPT_PRIORITY );
                                                        ^
C:/Users/Admin/AppData/Local/Arm/Packs/ARM/CMSIS-FreeRTOS/10.5.1/Source/portable/GCC/ARM_CM4F/port.c(305): warning: empty expression statement has no effect; remove unnecessary ';' to silence this warning [-Wextra-semi-stmt]
    configASSERT( portCPUID != portCORTEX_M7_r0p1_ID );
                                                      ^
C:/Users/Admin/AppData/Local/Arm/Packs/ARM/CMSIS-FreeRTOS/10.5.1/Source/portable/GCC/ARM_CM4F/port.c(306): warning: empty expression statement has no effect; remove unnecessary ';' to silence this warning [-Wextra-semi-stmt]
    configASSERT( portCPUID != portCORTEX_M7_r0p0_ID );
                                                      ^
C:/Users/Admin/AppData/Local/Arm/Packs/ARM/CMSIS-FreeRTOS/10.5.1/Source/portable/GCC/ARM_CM4F/port.c(356): warning: empty expression statement has no effect; remove unnecessary ';' to silence this warning [-Wextra-semi-stmt]
            configASSERT( ( portMAX_PRIGROUP_BITS - ulMaxPRIGROUPValue ) == configPRIO_BITS );
                                                                                             ^
C:/Users/Admin/AppData/Local/Arm/Packs/ARM/CMSIS-FreeRTOS/10.5.1/Source/portable/GCC/ARM_CM4F/port.c(367): warning: implicit conversion loses integer precision: 'volatile uint32_t' (aka 'volatile unsigned int') to 'uint8_t' (aka 'unsigned char') [-Wimplicit-int-conversion]
        *pucFirstUserPriorityRegister = ulOriginalPriority;
                                      ~ ^~~~~~~~~~~~~~~~~~
C:/Users/Admin/AppData/Local/Arm/Packs/ARM/CMSIS-FreeRTOS/10.5.1/Source/portable/GCC/ARM_CM4F/port.c(409): warning: empty expression statement has no effect; remove unnecessary ';' to silence this warning [-Wextra-semi-stmt]
    configASSERT( uxCriticalNesting == 1000UL );
                                               ^
C:/Users/Admin/AppData/Local/Arm/Packs/ARM/CMSIS-FreeRTOS/10.5.1/Source/portable/GCC/ARM_CM4F/port.c(425): warning: empty expression statement has no effect; remove unnecessary ';' to silence this warning [-Wextra-semi-stmt]
        configASSERT( ( portNVIC_INT_CTRL_REG & portVECTACTIVE_MASK ) == 0 );
                                                                            ^
C:/Users/Admin/AppData/Local/Arm/Packs/ARM/CMSIS-FreeRTOS/10.5.1/Source/portable/GCC/ARM_CM4F/port.c(432): warning: empty expression statement has no effect; remove unnecessary ';' to silence this warning [-Wextra-semi-stmt]
    configASSERT( uxCriticalNesting );
                                     ^
C:/Users/Admin/AppData/Local/Arm/Packs/ARM/CMSIS-FreeRTOS/10.5.1/Source/portable/GCC/ARM_CM4F/port.c(820): warning: empty expression statement has no effect; remove unnecessary ';' to silence this warning [-Wextra-semi-stmt]
            configASSERT( ucCurrentPriority >= ucMaxSysCallPriority );
                                                                     ^
C:/Users/Admin/AppData/Local/Arm/Packs/ARM/CMSIS-FreeRTOS/10.5.1/Source/portable/GCC/ARM_CM4F/port.c(836): warning: empty expression statement has no effect; remove unnecessary ';' to silence this warning [-Wextra-semi-stmt]
        configASSERT( ( portAIRCR_REG & portPRIORITY_GROUP_MASK ) <= ulMaxPRIGROUPValue );
                                                                                         ^
11 warnings generated.
compiling port.c...
main.c(130): warning: implicit conversion changes signedness: 'int' to 'unsigned int' [-Wsign-conversion]
        GPIOA->MODER &= ~(0xF << (2*2));
                     ~~ ^~~~~~~~~~~~~~~
main.c(134): warning: implicit conversion changes signedness: 'int' to 'unsigned int' [-Wsign-conversion]
        GPIOA->PUPDR &= ~(0xF<<(2*2));
                     ~~ ^~~~~~~~~~~~~
main.c(136): warning: implicit conversion changes signedness: 'int' to 'unsigned int' [-Wsign-conversion]
        GPIOA->OTYPER &= ~(0x3<<2);
                      ~~ ^~~~~~~~~
main.c(141): warning: implicit conversion changes signedness: 'int' to 'unsigned int' [-Wsign-conversion]
        GPIOB->MODER &= ~(0xF << (2*6));
                     ~~ ^~~~~~~~~~~~~~~
main.c(147): warning: implicit conversion changes signedness: 'int' to 'unsigned int' [-Wsign-conversion]
        GPIOB->PUPDR &= ~(0xF<<(2*6));
                     ~~ ^~~~~~~~~~~~~
main.c(150): warning: implicit conversion changes signedness: 'int' to 'unsigned int' [-Wsign-conversion]
        GPIOB->OTYPER &= ~(0x3<<6);
                      ~~ ^~~~~~~~~
main.c(240): warning: implicit conversion loses integer precision: 'volatile uint16_t' (aka 'volatile unsigned short') to 'uint8_t' (aka 'unsigned char') [-Wimplicit-int-conversion]
        buffer[i] = USARTx->RDR;
                  ~ ~~~~~~~~^~~
main.c(246): warning: comparison of integers of different signs: 'int' and 'uint32_t' (aka 'unsigned int') [-Wsign-compare]
        for (i = 0; i < nBytes; i++) {
                    ~ ^ ~~~~~~
main.c(256): warning: no previous prototype for function 'USART2_IRQHandler' [-Wmissing-prototypes]
void USART2_IRQHandler ( void ){
     ^
main.c(256): note: declare 'static' if the function is not intended to be used outside of this translation unit
void USART2_IRQHandler ( void ){
^
static 
main.c(437): warning: cast to smaller integer type 'uint8_t' (aka 'unsigned char') from 'void *' [-Wvoid-pointer-to-int-cast]
                DACOn = ( uint8_t) pvParameters;
                        ^~~~~~~~~~~~~~~~~~~~~~~
main.c(450): warning: implicit conversion changes signedness: 'int' to 'unsigned int' [-Wsign-conversion]
                                GPIOA->ODR &= ~(1<<5);
                                           ~~ ^~~~~~~
main.c(428): warning: function 'led_task' could be declared with attribute 'noreturn' [-Wmissing-noreturn]
{
^
main.c(464): warning: cast to smaller integer type 'uint8_t' (aka 'unsigned char') from 'void *' [-Wvoid-pointer-to-int-cast]
                LEDState = ( uint8_t ) pvParameters;
                           ^~~~~~~~~~~~~~~~~~~~~~~~
main.c(462): warning: unused variable 'xStatus2' [-Wunused-variable]
                BaseType_t xStatus2;
                           ^
main.c(459): warning: function 'but_task' could be declared with attribute 'noreturn' [-Wmissing-noreturn]
{
^
main.c(500): warning: incompatible pointer types passing 'int *' to parameter of type 'uint8_t *' (aka 'unsigned char *') [-Wincompatible-pointer-types]
                                USART_Read(USART1, &temp, 1);
                                                   ^~~~~
main.c(234): note: passing argument to parameter 'buffer' here
void USART_Read(USART_TypeDef* USARTx, uint8_t *buffer, uint32_t nBytes) {
                                                ^
main.c(501): warning: passing 'int8_t [30]' to parameter of type 'char *' converts between pointers to integer types where one is of the unique plain 'char' type and the other is not [-Wpointer-sign]
                                count = snprintf(pass, sizeof(pass), "%d deg F\n\r", ((uint8_t)(temp-45)*9/5+32));
                                                 ^~~~
C:\Keil_v5\ARM\ARMCLANG\Bin\..\include\stdio.h(440): note: passing argument to parameter here
extern _ARMABI int snprintf(char * __restrict /*s*/, size_t /*n*/,
                                                   ^
main.c(502): warning: incompatible pointer types passing 'int8_t (*)[30]' to parameter of type 'uint8_t *' (aka 'unsigned char *') [-Wincompatible-pointer-types]
                                USART_Write(USART2, &pass, count);
                                                    ^~~~~
main.c(244): note: passing argument to parameter 'buffer' here
void USART_Write (USART_TypeDef *USARTx, uint8_t *buffer, uint32_t nBytes) {
                                                  ^
main.c(502): warning: implicit conversion changes signedness: 'int' to 'uint32_t' (aka 'unsigned int') [-Wsign-conversion]
                                USART_Write(USART2, &pass, count);
                                ~~~~~~~~~~~                ^~~~~
main.c(510): warning: incompatible pointer types passing 'int *' to parameter of type 'uint8_t *' (aka 'unsigned char *') [-Wincompatible-pointer-types]
                                USART_Read(USART1, &dist1, 1);
                                                   ^~~~~~
main.c(234): note: passing argument to parameter 'buffer' here
void USART_Read(USART_TypeDef* USARTx, uint8_t *buffer, uint32_t nBytes) {
                                                ^
main.c(511): warning: incompatible pointer types passing 'int *' to parameter of type 'uint8_t *' (aka 'unsigned char *') [-Wincompatible-pointer-types]
                                USART_Read(USART1, &dist2, 1);
                                                   ^~~~~~
main.c(234): note: passing argument to parameter 'buffer' here
void USART_Read(USART_TypeDef* USARTx, uint8_t *buffer, uint32_t nBytes) {
                                                ^
main.c(512): warning: implicit conversion turns floating-point number into integer: 'double' to 'int' [-Wfloat-conversion]
                                int distance = (256*(uint8_t)dist1+(uint8_t)dist2)*.03937;
                                    ~~~~~~~~   ~~~~~~~~~~~~~~~~~~~~~~~~~~~~~~~~~~~^~~~~~~
main.c(513): warning: passing 'int8_t [30]' to parameter of type 'char *' converts between pointers to integer types where one is of the unique plain 'char' type and the other is not [-Wpointer-sign]
                                count = snprintf(pass, sizeof(pass), "%d inches\n\r", distance);
                                                 ^~~~
C:\Keil_v5\ARM\ARMCLANG\Bin\..\include\stdio.h(440): note: passing argument to parameter here
extern _ARMABI int snprintf(char * __restrict /*s*/, size_t /*n*/,
                                                   ^
main.c(514): warning: incompatible pointer types passing 'int8_t (*)[30]' to parameter of type 'uint8_t *' (aka 'unsigned char *') [-Wincompatible-pointer-types]
                                USART_Write(USART2, &pass, count);
                                                    ^~~~~
main.c(244): note: passing argument to parameter 'buffer' here
void USART_Write (USART_TypeDef *USARTx, uint8_t *buffer, uint32_t nBytes) {
                                                  ^
main.c(514): warning: implicit conversion changes signedness: 'int' to 'uint32_t' (aka 'unsigned int') [-Wsign-conversion]
                                USART_Write(USART2, &pass, count);
                                ~~~~~~~~~~~                ^~~~~
main.c(518): warning: no newline at end of file [-Wnewline-eof]
}
 ^
main.c(486): warning: unused parameter 'pvParameters' [-Wunused-parameter]
void us100_task( void *pvParameters ){
                       ^
main.c(486): warning: function 'us100_task' could be declared with attribute 'noreturn' [-Wmissing-noreturn]
void us100_task( void *pvParameters ){
                                     ^
28 warnings generated.
compiling main.c...
C:/Users/Admin/AppData/Local/Arm/Packs/ARM/CMSIS-FreeRTOS/10.5.1/Source/queue.c(302): warning: empty expression statement has no effect; remove unnecessary ';' to silence this warning [-Wextra-semi-stmt]
    configASSERT( pxQueue );
                           ^
C:/Users/Admin/AppData/Local/Arm/Packs/ARM/CMSIS-FreeRTOS/10.5.1/Source/queue.c(329): warning: empty expression statement has no effect; remove unnecessary ';' to silence this warning [-Wextra-semi-stmt]
                        queueYIELD_IF_USING_PREEMPTION();
                                                        ^
C:/Users/Admin/AppData/Local/Arm/Packs/ARM/CMSIS-FreeRTOS/10.5.1/Source/queue.c(355): warning: empty expression statement has no effect; remove unnecessary ';' to silence this warning [-Wextra-semi-stmt]
    configASSERT( xReturn != pdFAIL );
                                     ^
C:/Users/Admin/AppData/Local/Arm/Packs/ARM/CMSIS-FreeRTOS/10.5.1/Source/queue.c(126): warning: padding struct 'struct QueueDefinition' with 2 bytes to align 'pxQueueSetContainer' [-Wpadded]
        struct QueueDefinition * pxQueueSetContainer;
                                 ^
C:/Users/Admin/AppData/Local/Arm/Packs/ARM/CMSIS-FreeRTOS/10.5.1/Source/queue.c(100): warning: padding size of 'struct QueueDefinition' with 3 bytes to alignment boundary [-Wpadded]
typedef struct QueueDefinition /* The old naming convention is used to prevent breaking kernel aware debuggers. */
               ^
C:/Users/Admin/AppData/Local/Arm/Packs/ARM/CMSIS-FreeRTOS/10.5.1/Source/queue.c(484): warning: empty expression statement has no effect; remove unnecessary ';' to silence this warning [-Wextra-semi-stmt]
            configASSERT( pxNewQueue );
                                      ^
C:/Users/Admin/AppData/Local/Arm/Packs/ARM/CMSIS-FreeRTOS/10.5.1/Source/queue.c(614): warning: empty expression statement has no effect; remove unnecessary ';' to silence this warning [-Wextra-semi-stmt]
        configASSERT( xSemaphore );
                                  ^
C:/Users/Admin/AppData/Local/Arm/Packs/ARM/CMSIS-FreeRTOS/10.5.1/Source/queue.c(646): warning: empty expression statement has no effect; remove unnecessary ';' to silence this warning [-Wextra-semi-stmt]
        configASSERT( xSemaphore );
                                  ^
C:/Users/Admin/AppData/Local/Arm/Packs/ARM/CMSIS-FreeRTOS/10.5.1/Source/queue.c(673): warning: empty expression statement has no effect; remove unnecessary ';' to silence this warning [-Wextra-semi-stmt]
        configASSERT( pxMutex );
                               ^
C:/Users/Admin/AppData/Local/Arm/Packs/ARM/CMSIS-FreeRTOS/10.5.1/Source/queue.c(729): warning: empty expression statement has no effect; remove unnecessary ';' to silence this warning [-Wextra-semi-stmt]
        configASSERT( pxMutex );
                               ^
C:/Users/Admin/AppData/Local/Arm/Packs/ARM/CMSIS-FreeRTOS/10.5.1/Source/queue.c(825): warning: empty expression statement has no effect; remove unnecessary ';' to silence this warning [-Wextra-semi-stmt]
            configASSERT( xHandle );
                                   ^
C:/Users/Admin/AppData/Local/Arm/Packs/ARM/CMSIS-FreeRTOS/10.5.1/Source/queue.c(844): warning: empty expression statement has no effect; remove unnecessary ';' to silence this warning [-Wextra-semi-stmt]
    configASSERT( pxQueue );
                           ^
C:/Users/Admin/AppData/Local/Arm/Packs/ARM/CMSIS-FreeRTOS/10.5.1/Source/queue.c(845): warning: empty expression statement has no effect; remove unnecessary ';' to silence this warning [-Wextra-semi-stmt]
    configASSERT( !( ( pvItemToQueue == NULL ) && ( pxQueue->uxItemSize != ( UBaseType_t ) 0U ) ) );
                                                                                                   ^
C:/Users/Admin/AppData/Local/Arm/Packs/ARM/CMSIS-FreeRTOS/10.5.1/Source/queue.c(846): warning: empty expression statement has no effect; remove unnecessary ';' to silence this warning [-Wextra-semi-stmt]
    configASSERT( !( ( xCopyPosition == queueOVERWRITE ) && ( pxQueue->uxLength != 1 ) ) );
                                                                                          ^
C:/Users/Admin/AppData/Local/Arm/Packs/ARM/CMSIS-FreeRTOS/10.5.1/Source/queue.c(849): warning: empty expression statement has no effect; remove unnecessary ';' to silence this warning [-Wextra-semi-stmt]
        configASSERT( !( ( xTaskGetSchedulerState() == taskSCHEDULER_SUSPENDED ) && ( xTicksToWait != 0 ) ) );
                                                                                                             ^
C:/Users/Admin/AppData/Local/Arm/Packs/ARM/CMSIS-FreeRTOS/10.5.1/Source/queue.c(888): warning: empty expression statement has no effect; remove unnecessary ';' to silence this warning [-Wextra-semi-stmt]
                            queueYIELD_IF_USING_PREEMPTION();
                                                            ^
C:/Users/Admin/AppData/Local/Arm/Packs/ARM/CMSIS-FreeRTOS/10.5.1/Source/queue.c(907): warning: empty expression statement has no effect; remove unnecessary ';' to silence this warning [-Wextra-semi-stmt]
                                queueYIELD_IF_USING_PREEMPTION();
                                                                ^
C:/Users/Admin/AppData/Local/Arm/Packs/ARM/CMSIS-FreeRTOS/10.5.1/Source/queue.c(920): warning: empty expression statement has no effect; remove unnecessary ';' to silence this warning [-Wextra-semi-stmt]
                            queueYIELD_IF_USING_PREEMPTION();
                                                            ^
C:/Users/Admin/AppData/Local/Arm/Packs/ARM/CMSIS-FreeRTOS/10.5.1/Source/queue.c(1024): warning: empty expression statement has no effect; remove unnecessary ';' to silence this warning [-Wextra-semi-stmt]
                    portYIELD_WITHIN_API();
                                          ^
C:/Users/Admin/AppData/Local/Arm/Packs/ARM/CMSIS-FreeRTOS/10.5.1/Source/queue.c(1056): warning: empty expression statement has no effect; remove unnecessary ';' to silence this warning [-Wextra-semi-stmt]
    configASSERT( pxQueue );
                           ^
C:/Users/Admin/AppData/Local/Arm/Packs/ARM/CMSIS-FreeRTOS/10.5.1/Source/queue.c(1057): warning: empty expression statement has no effect; remove unnecessary ';' to silence this warning [-Wextra-semi-stmt]
    configASSERT( !( ( pvItemToQueue == NULL ) && ( pxQueue->uxItemSize != ( UBaseType_t ) 0U ) ) );
                                                                                                   ^
C:/Users/Admin/AppData/Local/Arm/Packs/ARM/CMSIS-FreeRTOS/10.5.1/Source/queue.c(1058): warning: empty expression statement has no effect; remove unnecessary ';' to silence this warning [-Wextra-semi-stmt]
    configASSERT( !( ( xCopyPosition == queueOVERWRITE ) && ( pxQueue->uxLength != 1 ) ) );
                                                                                          ^
C:/Users/Admin/AppData/Local/Arm/Packs/ARM/CMSIS-FreeRTOS/10.5.1/Source/queue.c(1195): warning: empty expression statement has no effect; remove unnecessary ';' to silence this warning [-Wextra-semi-stmt]
                prvIncrementQueueTxLock( pxQueue, cTxLock );
                                                           ^
C:/Users/Admin/AppData/Local/Arm/Packs/ARM/CMSIS-FreeRTOS/10.5.1/Source/queue.c(1225): warning: empty expression statement has no effect; remove unnecessary ';' to silence this warning [-Wextra-semi-stmt]
    configASSERT( pxQueue );
                           ^
C:/Users/Admin/AppData/Local/Arm/Packs/ARM/CMSIS-FreeRTOS/10.5.1/Source/queue.c(1229): warning: empty expression statement has no effect; remove unnecessary ';' to silence this warning [-Wextra-semi-stmt]
    configASSERT( pxQueue->uxItemSize == 0 );
                                            ^
C:/Users/Admin/AppData/Local/Arm/Packs/ARM/CMSIS-FreeRTOS/10.5.1/Source/queue.c(1234): warning: empty expression statement has no effect; remove unnecessary ';' to silence this warning [-Wextra-semi-stmt]
    configASSERT( !( ( pxQueue->uxQueueType == queueQUEUE_IS_MUTEX ) && ( pxQueue->u.xSemaphore.xMutexHolder != NULL ) ) );
                                                                                                                          ^
C:/Users/Admin/AppData/Local/Arm/Packs/ARM/CMSIS-FreeRTOS/10.5.1/Source/queue.c(1361): warning: empty expression statement has no effect; remove unnecessary ';' to silence this warning [-Wextra-semi-stmt]
                prvIncrementQueueTxLock( pxQueue, cTxLock );
                                                           ^
C:/Users/Admin/AppData/Local/Arm/Packs/ARM/CMSIS-FreeRTOS/10.5.1/Source/queue.c(1387): warning: empty expression statement has no effect; remove unnecessary ';' to silence this warning [-Wextra-semi-stmt]
    configASSERT( ( pxQueue ) );
                               ^
C:/Users/Admin/AppData/Local/Arm/Packs/ARM/CMSIS-FreeRTOS/10.5.1/Source/queue.c(1391): warning: empty expression statement has no effect; remove unnecessary ';' to silence this warning [-Wextra-semi-stmt]
    configASSERT( !( ( ( pvBuffer ) == NULL ) && ( ( pxQueue )->uxItemSize != ( UBaseType_t ) 0U ) ) );
                                                                                                      ^
C:/Users/Admin/AppData/Local/Arm/Packs/ARM/CMSIS-FreeRTOS/10.5.1/Source/queue.c(1396): warning: empty expression statement has no effect; remove unnecessary ';' to silence this warning [-Wextra-semi-stmt]
        configASSERT( !( ( xTaskGetSchedulerState() == taskSCHEDULER_SUSPENDED ) && ( xTicksToWait != 0 ) ) );
                                                                                                             ^
C:/Users/Admin/AppData/Local/Arm/Packs/ARM/CMSIS-FreeRTOS/10.5.1/Source/queue.c(1425): warning: empty expression statement has no effect; remove unnecessary ';' to silence this warning [-Wextra-semi-stmt]
                        queueYIELD_IF_USING_PREEMPTION();
                                                        ^
C:/Users/Admin/AppData/Local/Arm/Packs/ARM/CMSIS-FreeRTOS/10.5.1/Source/queue.c(1485): warning: empty expression statement has no effect; remove unnecessary ';' to silence this warning [-Wextra-semi-stmt]
                    portYIELD_WITHIN_API();
                                          ^
C:/Users/Admin/AppData/Local/Arm/Packs/ARM/CMSIS-FreeRTOS/10.5.1/Source/queue.c(1533): warning: empty expression statement has no effect; remove unnecessary ';' to silence this warning [-Wextra-semi-stmt]
    configASSERT( ( pxQueue ) );
                               ^
C:/Users/Admin/AppData/Local/Arm/Packs/ARM/CMSIS-FreeRTOS/10.5.1/Source/queue.c(1537): warning: empty expression statement has no effect; remove unnecessary ';' to silence this warning [-Wextra-semi-stmt]
    configASSERT( pxQueue->uxItemSize == 0 );
                                            ^
C:/Users/Admin/AppData/Local/Arm/Packs/ARM/CMSIS-FreeRTOS/10.5.1/Source/queue.c(1542): warning: empty expression statement has no effect; remove unnecessary ';' to silence this warning [-Wextra-semi-stmt]
        configASSERT( !( ( xTaskGetSchedulerState() == taskSCHEDULER_SUSPENDED ) && ( xTicksToWait != 0 ) ) );
                                                                                                             ^
C:/Users/Admin/AppData/Local/Arm/Packs/ARM/CMSIS-FreeRTOS/10.5.1/Source/queue.c(1588): warning: empty expression statement has no effect; remove unnecessary ';' to silence this warning [-Wextra-semi-stmt]
                        queueYIELD_IF_USING_PREEMPTION();
                                                        ^
C:/Users/Admin/AppData/Local/Arm/Packs/ARM/CMSIS-FreeRTOS/10.5.1/Source/queue.c(1668): warning: empty expression statement has no effect; remove unnecessary ';' to silence this warning [-Wextra-semi-stmt]
                    portYIELD_WITHIN_API();
                                          ^
C:/Users/Admin/AppData/Local/Arm/Packs/ARM/CMSIS-FreeRTOS/10.5.1/Source/queue.c(1741): warning: empty expression statement has no effect; remove unnecessary ';' to silence this warning [-Wextra-semi-stmt]
    configASSERT( ( pxQueue ) );
                               ^
C:/Users/Admin/AppData/Local/Arm/Packs/ARM/CMSIS-FreeRTOS/10.5.1/Source/queue.c(1745): warning: empty expression statement has no effect; remove unnecessary ';' to silence this warning [-Wextra-semi-stmt]
    configASSERT( !( ( ( pvBuffer ) == NULL ) && ( ( pxQueue )->uxItemSize != ( UBaseType_t ) 0U ) ) );
                                                                                                      ^
C:/Users/Admin/AppData/Local/Arm/Packs/ARM/CMSIS-FreeRTOS/10.5.1/Source/queue.c(1750): warning: empty expression statement has no effect; remove unnecessary ';' to silence this warning [-Wextra-semi-stmt]
        configASSERT( !( ( xTaskGetSchedulerState() == taskSCHEDULER_SUSPENDED ) && ( xTicksToWait != 0 ) ) );
                                                                                                             ^
C:/Users/Admin/AppData/Local/Arm/Packs/ARM/CMSIS-FreeRTOS/10.5.1/Source/queue.c(1785): warning: empty expression statement has no effect; remove unnecessary ';' to silence this warning [-Wextra-semi-stmt]
                        queueYIELD_IF_USING_PREEMPTION();
                                                        ^
C:/Users/Admin/AppData/Local/Arm/Packs/ARM/CMSIS-FreeRTOS/10.5.1/Source/queue.c(1846): warning: empty expression statement has no effect; remove unnecessary ';' to silence this warning [-Wextra-semi-stmt]
                    portYIELD_WITHIN_API();
                                          ^
C:/Users/Admin/AppData/Local/Arm/Packs/ARM/CMSIS-FreeRTOS/10.5.1/Source/queue.c(1890): warning: empty expression statement has no effect; remove unnecessary ';' to silence this warning [-Wextra-semi-stmt]
    configASSERT( pxQueue );
                           ^
C:/Users/Admin/AppData/Local/Arm/Packs/ARM/CMSIS-FreeRTOS/10.5.1/Source/queue.c(1891): warning: empty expression statement has no effect; remove unnecessary ';' to silence this warning [-Wextra-semi-stmt]
    configASSERT( !( ( pvBuffer == NULL ) && ( pxQueue->uxItemSize != ( UBaseType_t ) 0U ) ) );
                                                                                              ^
C:/Users/Admin/AppData/Local/Arm/Packs/ARM/CMSIS-FreeRTOS/10.5.1/Source/queue.c(1958): warning: empty expression statement has no effect; remove unnecessary ';' to silence this warning [-Wextra-semi-stmt]
                prvIncrementQueueRxLock( pxQueue, cRxLock );
                                                           ^
C:/Users/Admin/AppData/Local/Arm/Packs/ARM/CMSIS-FreeRTOS/10.5.1/Source/queue.c(1983): warning: empty expression statement has no effect; remove unnecessary ';' to silence this warning [-Wextra-semi-stmt]
    configASSERT( pxQueue );
                           ^
C:/Users/Admin/AppData/Local/Arm/Packs/ARM/CMSIS-FreeRTOS/10.5.1/Source/queue.c(1984): warning: empty expression statement has no effect; remove unnecessary ';' to silence this warning [-Wextra-semi-stmt]
    configASSERT( !( ( pvBuffer == NULL ) && ( pxQueue->uxItemSize != ( UBaseType_t ) 0U ) ) );
                                                                                              ^
C:/Users/Admin/AppData/Local/Arm/Packs/ARM/CMSIS-FreeRTOS/10.5.1/Source/queue.c(1985): warning: empty expression statement has no effect; remove unnecessary ';' to silence this warning [-Wextra-semi-stmt]
    configASSERT( pxQueue->uxItemSize != 0 ); /* Can't peek a semaphore. */
                                            ^
C:/Users/Admin/AppData/Local/Arm/Packs/ARM/CMSIS-FreeRTOS/10.5.1/Source/queue.c(2034): warning: empty expression statement has no effect; remove unnecessary ';' to silence this warning [-Wextra-semi-stmt]
    configASSERT( xQueue );
                          ^
C:/Users/Admin/AppData/Local/Arm/Packs/ARM/CMSIS-FreeRTOS/10.5.1/Source/queue.c(2051): warning: empty expression statement has no effect; remove unnecessary ';' to silence this warning [-Wextra-semi-stmt]
    configASSERT( pxQueue );
                           ^
C:/Users/Admin/AppData/Local/Arm/Packs/ARM/CMSIS-FreeRTOS/10.5.1/Source/queue.c(2068): warning: empty expression statement has no effect; remove unnecessary ';' to silence this warning [-Wextra-semi-stmt]
    configASSERT( pxQueue );
                           ^
C:/Users/Admin/AppData/Local/Arm/Packs/ARM/CMSIS-FreeRTOS/10.5.1/Source/queue.c(2079): warning: empty expression statement has no effect; remove unnecessary ';' to silence this warning [-Wextra-semi-stmt]
    configASSERT( pxQueue );
                           ^
C:/Users/Admin/AppData/Local/Arm/Packs/ARM/CMSIS-FreeRTOS/10.5.1/Source/queue.c(2425): warning: empty expression statement has no effect; remove unnecessary ';' to silence this warning [-Wextra-semi-stmt]
    configASSERT( pxQueue );
                           ^
C:/Users/Admin/AppData/Local/Arm/Packs/ARM/CMSIS-FreeRTOS/10.5.1/Source/queue.c(2466): warning: empty expression statement has no effect; remove unnecessary ';' to silence this warning [-Wextra-semi-stmt]
    configASSERT( pxQueue );
                           ^
C:/Users/Admin/AppData/Local/Arm/Packs/ARM/CMSIS-FreeRTOS/10.5.1/Source/queue.c(3043): warning: empty expression statement has no effect; remove unnecessary ';' to silence this warning [-Wextra-semi-stmt]
        configASSERT( pxQueueSetContainer ); /* LCOV_EXCL_BR_LINE */
                                           ^
C:/Users/Admin/AppData/Local/Arm/Packs/ARM/CMSIS-FreeRTOS/10.5.1/Source/queue.c(3044): warning: empty expression statement has no effect; remove unnecessary ';' to silence this warning [-Wextra-semi-stmt]
        configASSERT( pxQueueSetContainer->uxMessagesWaiting < pxQueueSetContainer->uxLength );
                                                                                              ^
C:/Users/Admin/AppData/Local/Arm/Packs/ARM/CMSIS-FreeRTOS/10.5.1/Source/queue.c(3076): warning: empty expression statement has no effect; remove unnecessary ';' to silence this warning [-Wextra-semi-stmt]
                prvIncrementQueueTxLock( pxQueueSetContainer, cTxLock );
                                                                       ^
57 warnings generated.
compiling queue.c...
C:/Users/Admin/AppData/Local/Arm/Packs/ARM/CMSIS-FreeRTOS/10.5.1/Source/timers.c(281): warning: empty expression statement has no effect; remove unnecessary ';' to silence this warning [-Wextra-semi-stmt]
        configASSERT( xReturn );
                               ^
C:/Users/Admin/AppData/Local/Arm/Packs/ARM/CMSIS-FreeRTOS/10.5.1/Source/timers.c(75): warning: padding size of 'struct tmrTimerControl' with 3 bytes to alignment boundary [-Wpadded]
    typedef struct tmrTimerControl                  /* The old naming convention is used to prevent breaking kernel aware debuggers. */
                   ^
C:/Users/Admin/AppData/Local/Arm/Packs/ARM/CMSIS-FreeRTOS/10.5.1/Source/timers.c(363): warning: empty expression statement has no effect; remove unnecessary ';' to silence this warning [-Wextra-semi-stmt]
        configASSERT( ( xTimerPeriodInTicks > 0 ) );
                                                   ^
C:/Users/Admin/AppData/Local/Arm/Packs/ARM/CMSIS-FreeRTOS/10.5.1/Source/timers.c(395): warning: empty expression statement has no effect; remove unnecessary ';' to silence this warning [-Wextra-semi-stmt]
        configASSERT( xTimer );
                              ^
C:/Users/Admin/AppData/Local/Arm/Packs/ARM/CMSIS-FreeRTOS/10.5.1/Source/timers.c(437): warning: empty expression statement has no effect; remove unnecessary ';' to silence this warning [-Wextra-semi-stmt]
        configASSERT( ( xTimerTaskHandle != NULL ) );
                                                    ^
C:/Users/Admin/AppData/Local/Arm/Packs/ARM/CMSIS-FreeRTOS/10.5.1/Source/timers.c(446): warning: empty expression statement has no effect; remove unnecessary ';' to silence this warning [-Wextra-semi-stmt]
        configASSERT( xTimer );
                              ^
C:/Users/Admin/AppData/Local/Arm/Packs/ARM/CMSIS-FreeRTOS/10.5.1/Source/timers.c(456): warning: empty expression statement has no effect; remove unnecessary ';' to silence this warning [-Wextra-semi-stmt]
        configASSERT( xTimer );
                              ^
C:/Users/Admin/AppData/Local/Arm/Packs/ARM/CMSIS-FreeRTOS/10.5.1/Source/timers.c(477): warning: empty expression statement has no effect; remove unnecessary ';' to silence this warning [-Wextra-semi-stmt]
        configASSERT( xTimer );
                              ^
C:/Users/Admin/AppData/Local/Arm/Packs/ARM/CMSIS-FreeRTOS/10.5.1/Source/timers.c(507): warning: empty expression statement has no effect; remove unnecessary ';' to silence this warning [-Wextra-semi-stmt]
        configASSERT( xTimer );
                              ^
C:/Users/Admin/AppData/Local/Arm/Packs/ARM/CMSIS-FreeRTOS/10.5.1/Source/timers.c(517): warning: empty expression statement has no effect; remove unnecessary ';' to silence this warning [-Wextra-semi-stmt]
        configASSERT( xTimer );
                              ^
C:/Users/Admin/AppData/Local/Arm/Packs/ARM/CMSIS-FreeRTOS/10.5.1/Source/timers.c(569): warning: function 'prvTimerTask' could be declared with attribute 'noreturn' [-Wmissing-noreturn]
    {
    ^
C:/Users/Admin/AppData/Local/Arm/Packs/ARM/CMSIS-FreeRTOS/10.5.1/Source/timers.c(650): warning: empty expression statement has no effect; remove unnecessary ';' to silence this warning [-Wextra-semi-stmt]
                        portYIELD_WITHIN_API();
                                              ^
C:/Users/Admin/AppData/Local/Arm/Packs/ARM/CMSIS-FreeRTOS/10.5.1/Source/timers.c(779): warning: empty expression statement has no effect; remove unnecessary ';' to silence this warning [-Wextra-semi-stmt]
                    configASSERT( pxCallback );
                                              ^
C:/Users/Admin/AppData/Local/Arm/Packs/ARM/CMSIS-FreeRTOS/10.5.1/Source/timers.c(862): warning: empty expression statement has no effect; remove unnecessary ';' to silence this warning [-Wextra-semi-stmt]
                        configASSERT( ( pxTimer->xTimerPeriodInTicks > 0 ) );
                                                                            ^
C:/Users/Admin/AppData/Local/Arm/Packs/ARM/CMSIS-FreeRTOS/10.5.1/Source/timers.c(989): warning: empty expression statement has no effect; remove unnecessary ';' to silence this warning [-Wextra-semi-stmt]
        configASSERT( xTimer );
                              ^
C:/Users/Admin/AppData/Local/Arm/Packs/ARM/CMSIS-FreeRTOS/10.5.1/Source/timers.c(1014): warning: empty expression statement has no effect; remove unnecessary ';' to silence this warning [-Wextra-semi-stmt]
        configASSERT( xTimer );
                              ^
C:/Users/Admin/AppData/Local/Arm/Packs/ARM/CMSIS-FreeRTOS/10.5.1/Source/timers.c(1031): warning: empty expression statement has no effect; remove unnecessary ';' to silence this warning [-Wextra-semi-stmt]
        configASSERT( xTimer );
                              ^
C:/Users/Admin/AppData/Local/Arm/Packs/ARM/CMSIS-FreeRTOS/10.5.1/Source/timers.c(1081): warning: empty expression statement has no effect; remove unnecessary ';' to silence this warning [-Wextra-semi-stmt]
            configASSERT( xTimerQueue );
                                       ^
18 warnings generated.
compiling timers.c...
C:/Users/Admin/AppData/Local/Arm/Packs/ARM/CMSIS-FreeRTOS/10.5.1/Source/tasks.c(329): warning: no previous extern declaration for non-static variable 'pxCurrentTCB' [-Wmissing-variable-declarations]
portDONT_DISCARD PRIVILEGED_DATA TCB_t * volatile pxCurrentTCB = NULL;
                                                  ^
C:/Users/Admin/AppData/Local/Arm/Packs/ARM/CMSIS-FreeRTOS/10.5.1/Source/tasks.c(329): note: declare 'static' if the variable is not intended to be used outside of this translation unit
portDONT_DISCARD PRIVILEGED_DATA TCB_t * volatile pxCurrentTCB = NULL;
                                 ^
C:/Users/Admin/AppData/Local/Arm/Packs/ARM/CMSIS-FreeRTOS/10.5.1/Source/tasks.c(278): warning: padding struct 'struct tskTaskControlBlock' with 2 bytes to align 'uxTCBNumber' [-Wpadded]
        UBaseType_t uxTCBNumber;  /*< Stores a number that increments each time a TCB is created.  It allows debuggers to determine when a task has been deleted and then recreated. */
                    ^
C:/Users/Admin/AppData/Local/Arm/Packs/ARM/CMSIS-FreeRTOS/10.5.1/Source/tasks.c(255): warning: padding size of 'struct tskTaskControlBlock' with 2 bytes to alignment boundary [-Wpadded]
typedef struct tskTaskControlBlock       /* The old naming convention is used to prevent breaking kernel aware debuggers. */
               ^
C:/Users/Admin/AppData/Local/Arm/Packs/ARM/CMSIS-FreeRTOS/10.5.1/Source/tasks.c(376): warning: no previous extern declaration for non-static variable 'uxTopUsedPriority' [-Wmissing-variable-declarations]
const volatile UBaseType_t uxTopUsedPriority = configMAX_PRIORITIES - 1U;
                           ^
C:/Users/Admin/AppData/Local/Arm/Packs/ARM/CMSIS-FreeRTOS/10.5.1/Source/tasks.c(376): note: declare 'static' if the variable is not intended to be used outside of this translation unit
const volatile UBaseType_t uxTopUsedPriority = configMAX_PRIORITIES - 1U;
               ^
C:/Users/Admin/AppData/Local/Arm/Packs/ARM/CMSIS-FreeRTOS/10.5.1/Source/tasks.c(861): warning: empty expression statement has no effect; remove unnecessary ';' to silence this warning [-Wextra-semi-stmt]
        configASSERT( ( ( ( portPOINTER_SIZE_TYPE ) pxTopOfStack & ( portPOINTER_SIZE_TYPE ) portBYTE_ALIGNMENT_MASK ) == 0UL ) );
                                                                                                                                 ^
C:/Users/Admin/AppData/Local/Arm/Packs/ARM/CMSIS-FreeRTOS/10.5.1/Source/tasks.c(914): warning: empty expression statement has no effect; remove unnecessary ';' to silence this warning [-Wextra-semi-stmt]
    configASSERT( uxPriority < configMAX_PRIORITIES );
                                                     ^
C:/Users/Admin/AppData/Local/Arm/Packs/ARM/CMSIS-FreeRTOS/10.5.1/Source/tasks.c(1084): warning: empty expression statement has no effect; remove unnecessary ';' to silence this warning [-Wextra-semi-stmt]
        prvAddTaskToReadyList( pxNewTCB );
                                         ^
C:/Users/Admin/AppData/Local/Arm/Packs/ARM/CMSIS-FreeRTOS/10.5.1/Source/tasks.c(1096): warning: empty expression statement has no effect; remove unnecessary ';' to silence this warning [-Wextra-semi-stmt]
            taskYIELD_IF_USING_PREEMPTION();
                                           ^
C:/Users/Admin/AppData/Local/Arm/Packs/ARM/CMSIS-FreeRTOS/10.5.1/Source/tasks.c(1125): warning: empty expression statement has no effect; remove unnecessary ';' to silence this warning [-Wextra-semi-stmt]
                taskRESET_READY_PRIORITY( pxTCB->uxPriority );
                                                             ^
C:/Users/Admin/AppData/Local/Arm/Packs/ARM/CMSIS-FreeRTOS/10.5.1/Source/tasks.c(1199): warning: empty expression statement has no effect; remove unnecessary ';' to silence this warning [-Wextra-semi-stmt]
                configASSERT( uxSchedulerSuspended == 0 );
                                                         ^
C:/Users/Admin/AppData/Local/Arm/Packs/ARM/CMSIS-FreeRTOS/10.5.1/Source/tasks.c(1200): warning: empty expression statement has no effect; remove unnecessary ';' to silence this warning [-Wextra-semi-stmt]
                portYIELD_WITHIN_API();
                                      ^
C:/Users/Admin/AppData/Local/Arm/Packs/ARM/CMSIS-FreeRTOS/10.5.1/Source/tasks.c(1220): warning: empty expression statement has no effect; remove unnecessary ';' to silence this warning [-Wextra-semi-stmt]
        configASSERT( pxPreviousWakeTime );
                                          ^
C:/Users/Admin/AppData/Local/Arm/Packs/ARM/CMSIS-FreeRTOS/10.5.1/Source/tasks.c(1221): warning: empty expression statement has no effect; remove unnecessary ';' to silence this warning [-Wextra-semi-stmt]
        configASSERT( ( xTimeIncrement > 0U ) );
                                               ^
C:/Users/Admin/AppData/Local/Arm/Packs/ARM/CMSIS-FreeRTOS/10.5.1/Source/tasks.c(1222): warning: empty expression statement has no effect; remove unnecessary ';' to silence this warning [-Wextra-semi-stmt]
        configASSERT( uxSchedulerSuspended == 0 );
                                                 ^
C:/Users/Admin/AppData/Local/Arm/Packs/ARM/CMSIS-FreeRTOS/10.5.1/Source/tasks.c(1286): warning: empty expression statement has no effect; remove unnecessary ';' to silence this warning [-Wextra-semi-stmt]
            portYIELD_WITHIN_API();
                                  ^
C:/Users/Admin/AppData/Local/Arm/Packs/ARM/CMSIS-FreeRTOS/10.5.1/Source/tasks.c(1308): warning: empty expression statement has no effect; remove unnecessary ';' to silence this warning [-Wextra-semi-stmt]
            configASSERT( uxSchedulerSuspended == 0 );
                                                     ^
C:/Users/Admin/AppData/Local/Arm/Packs/ARM/CMSIS-FreeRTOS/10.5.1/Source/tasks.c(1333): warning: empty expression statement has no effect; remove unnecessary ';' to silence this warning [-Wextra-semi-stmt]
            portYIELD_WITHIN_API();
                                  ^
C:/Users/Admin/AppData/Local/Arm/Packs/ARM/CMSIS-FreeRTOS/10.5.1/Source/tasks.c(1354): warning: empty expression statement has no effect; remove unnecessary ';' to silence this warning [-Wextra-semi-stmt]
        configASSERT( pxTCB );
                             ^
C:/Users/Admin/AppData/Local/Arm/Packs/ARM/CMSIS-FreeRTOS/10.5.1/Source/tasks.c(1514): warning: empty expression statement has no effect; remove unnecessary ';' to silence this warning [-Wextra-semi-stmt]
        configASSERT( uxNewPriority < configMAX_PRIORITIES );
                                                            ^
C:/Users/Admin/AppData/Local/Arm/Packs/ARM/CMSIS-FreeRTOS/10.5.1/Source/tasks.c(1644): warning: empty expression statement has no effect; remove unnecessary ';' to silence this warning [-Wextra-semi-stmt]
                    prvAddTaskToReadyList( pxTCB );
                                                  ^
C:/Users/Admin/AppData/Local/Arm/Packs/ARM/CMSIS-FreeRTOS/10.5.1/Source/tasks.c(1653): warning: empty expression statement has no effect; remove unnecessary ';' to silence this warning [-Wextra-semi-stmt]
                    taskYIELD_IF_USING_PREEMPTION();
                                                   ^
C:/Users/Admin/AppData/Local/Arm/Packs/ARM/CMSIS-FreeRTOS/10.5.1/Source/tasks.c(1689): warning: empty expression statement has no effect; remove unnecessary ';' to silence this warning [-Wextra-semi-stmt]
                taskRESET_READY_PRIORITY( pxTCB->uxPriority );
                                                             ^
C:/Users/Admin/AppData/Local/Arm/Packs/ARM/CMSIS-FreeRTOS/10.5.1/Source/tasks.c(1746): warning: empty expression statement has no effect; remove unnecessary ';' to silence this warning [-Wextra-semi-stmt]
                configASSERT( uxSchedulerSuspended == 0 );
                                                         ^
C:/Users/Admin/AppData/Local/Arm/Packs/ARM/CMSIS-FreeRTOS/10.5.1/Source/tasks.c(1747): warning: empty expression statement has no effect; remove unnecessary ';' to silence this warning [-Wextra-semi-stmt]
                portYIELD_WITHIN_API();
                                      ^
C:/Users/Admin/AppData/Local/Arm/Packs/ARM/CMSIS-FreeRTOS/10.5.1/Source/tasks.c(1788): warning: empty expression statement has no effect; remove unnecessary ';' to silence this warning [-Wextra-semi-stmt]
        configASSERT( xTask );
                             ^
C:/Users/Admin/AppData/Local/Arm/Packs/ARM/CMSIS-FreeRTOS/10.5.1/Source/tasks.c(1830): warning: empty expression statement has no effect; remove unnecessary ';' to silence this warning [-Wextra-semi-stmt]
        configASSERT( xTaskToResume );
                                     ^
C:/Users/Admin/AppData/Local/Arm/Packs/ARM/CMSIS-FreeRTOS/10.5.1/Source/tasks.c(1845): warning: empty expression statement has no effect; remove unnecessary ';' to silence this warning [-Wextra-semi-stmt]
                    prvAddTaskToReadyList( pxTCB );
                                                  ^
C:/Users/Admin/AppData/Local/Arm/Packs/ARM/CMSIS-FreeRTOS/10.5.1/Source/tasks.c(1853): warning: empty expression statement has no effect; remove unnecessary ';' to silence this warning [-Wextra-semi-stmt]
                        taskYIELD_IF_USING_PREEMPTION();
                                                       ^
C:/Users/Admin/AppData/Local/Arm/Packs/ARM/CMSIS-FreeRTOS/10.5.1/Source/tasks.c(1885): warning: empty expression statement has no effect; remove unnecessary ';' to silence this warning [-Wextra-semi-stmt]
        configASSERT( xTaskToResume );
                                     ^
C:/Users/Admin/AppData/Local/Arm/Packs/ARM/CMSIS-FreeRTOS/10.5.1/Source/tasks.c(1931): warning: empty expression statement has no effect; remove unnecessary ';' to silence this warning [-Wextra-semi-stmt]
                    prvAddTaskToReadyList( pxTCB );
                                                  ^
C:/Users/Admin/AppData/Local/Arm/Packs/ARM/CMSIS-FreeRTOS/10.5.1/Source/tasks.c(2066): warning: empty expression statement has no effect; remove unnecessary ';' to silence this warning [-Wextra-semi-stmt]
        configASSERT( xReturn != errCOULD_NOT_ALLOCATE_REQUIRED_MEMORY );
                                                                        ^
C:/Users/Admin/AppData/Local/Arm/Packs/ARM/CMSIS-FreeRTOS/10.5.1/Source/tasks.c(2181): warning: empty expression statement has no effect; remove unnecessary ';' to silence this warning [-Wextra-semi-stmt]
    configASSERT( uxSchedulerSuspended );
                                        ^
C:/Users/Admin/AppData/Local/Arm/Packs/ARM/CMSIS-FreeRTOS/10.5.1/Source/tasks.c(2201): warning: empty expression statement has no effect; remove unnecessary ';' to silence this warning [-Wextra-semi-stmt]
                    listREMOVE_ITEM( &( pxTCB->xEventListItem ) );
                                                                 ^
C:/Users/Admin/AppData/Local/Arm/Packs/ARM/CMSIS-FreeRTOS/10.5.1/Source/tasks.c(2203): warning: empty expression statement has no effect; remove unnecessary ';' to silence this warning [-Wextra-semi-stmt]
                    listREMOVE_ITEM( &( pxTCB->xStateListItem ) );
                                                                 ^
C:/Users/Admin/AppData/Local/Arm/Packs/ARM/CMSIS-FreeRTOS/10.5.1/Source/tasks.c(2204): warning: empty expression statement has no effect; remove unnecessary ';' to silence this warning [-Wextra-semi-stmt]
                    prvAddTaskToReadyList( pxTCB );
                                                  ^
C:/Users/Admin/AppData/Local/Arm/Packs/ARM/CMSIS-FreeRTOS/10.5.1/Source/tasks.c(2267): warning: empty expression statement has no effect; remove unnecessary ';' to silence this warning [-Wextra-semi-stmt]
                    taskYIELD_IF_USING_PREEMPTION();
                                                   ^
C:/Users/Admin/AppData/Local/Arm/Packs/ARM/CMSIS-FreeRTOS/10.5.1/Source/tasks.c(2347): warning: empty expression statement has no effect; remove unnecessary ';' to silence this warning [-Wextra-semi-stmt]
    configASSERT( pxTCB );
                         ^
C:/Users/Admin/AppData/Local/Arm/Packs/ARM/CMSIS-FreeRTOS/10.5.1/Source/tasks.c(2368): warning: empty expression statement has no effect; remove unnecessary ';' to silence this warning [-Wextra-semi-stmt]
            listGET_OWNER_OF_NEXT_ENTRY( pxFirstTCB, pxList ); /*lint !e9079 void * is used as this macro is used with timers and co-routines too.  Alignment is known to be fine as the type of the pointer stored and retrieved is the same. */
                                                             ^
C:/Users/Admin/AppData/Local/Arm/Packs/ARM/CMSIS-FreeRTOS/10.5.1/Source/tasks.c(2372): warning: empty expression statement has no effect; remove unnecessary ';' to silence this warning [-Wextra-semi-stmt]
                listGET_OWNER_OF_NEXT_ENTRY( pxNextTCB, pxList ); /*lint !e9079 void * is used as this macro is used with timers and co-routines too.  Alignment is known to be fine as the type of the pointer stored and retrieved is the same. */
                                                                ^
C:/Users/Admin/AppData/Local/Arm/Packs/ARM/CMSIS-FreeRTOS/10.5.1/Source/tasks.c(2431): warning: empty expression statement has no effect; remove unnecessary ';' to silence this warning [-Wextra-semi-stmt]
        configASSERT( strlen( pcNameToQuery ) < configMAX_TASK_NAME_LEN );
                                                                         ^
C:/Users/Admin/AppData/Local/Arm/Packs/ARM/CMSIS-FreeRTOS/10.5.1/Source/tasks.c(40): warning: In file included from...
C:/Users/Admin/AppData/Local/Arm/Packs/ARM/CMSIS-FreeRTOS/10.5.1/Source/include/task.h(160): warning: padding struct 'struct xTASK_STATUS' with 3 bytes to align 'uxCurrentPriority' [-Wpadded]
    UBaseType_t uxCurrentPriority;                /* The priority at which the task was running (may be inherited) when the structure was populated. */
                ^
C:/Users/Admin/AppData/Local/Arm/Packs/ARM/CMSIS-FreeRTOS/10.5.1/Source/include/task.h(154): warning: padding size of 'struct xTASK_STATUS' with 2 bytes to alignment boundary [-Wpadded]
typedef struct xTASK_STATUS
               ^
C:/Users/Admin/AppData/Local/Arm/Packs/ARM/CMSIS-FreeRTOS/10.5.1/Source/tasks.c(2568): warning: empty expression statement has no effect; remove unnecessary ';' to silence this warning [-Wextra-semi-stmt]
        configASSERT( ( xIdleTaskHandle != NULL ) );
                                                   ^
C:/Users/Admin/AppData/Local/Arm/Packs/ARM/CMSIS-FreeRTOS/10.5.1/Source/tasks.c(2586): warning: empty expression statement has no effect; remove unnecessary ';' to silence this warning [-Wextra-semi-stmt]
        configASSERT( ( xTickCount + xTicksToJump ) <= xNextTaskUnblockTime );
                                                                             ^
C:/Users/Admin/AppData/Local/Arm/Packs/ARM/CMSIS-FreeRTOS/10.5.1/Source/tasks.c(2593): warning: empty expression statement has no effect; remove unnecessary ';' to silence this warning [-Wextra-semi-stmt]
            configASSERT( uxSchedulerSuspended );
                                                ^
C:/Users/Admin/AppData/Local/Arm/Packs/ARM/CMSIS-FreeRTOS/10.5.1/Source/tasks.c(2594): warning: empty expression statement has no effect; remove unnecessary ';' to silence this warning [-Wextra-semi-stmt]
            configASSERT( xTicksToJump != ( TickType_t ) 0 );
                                                            ^
C:/Users/Admin/AppData/Local/Arm/Packs/ARM/CMSIS-FreeRTOS/10.5.1/Source/tasks.c(2622): warning: empty expression statement has no effect; remove unnecessary ';' to silence this warning [-Wextra-semi-stmt]
    configASSERT( uxSchedulerSuspended == 0 );
                                             ^
C:/Users/Admin/AppData/Local/Arm/Packs/ARM/CMSIS-FreeRTOS/10.5.1/Source/tasks.c(2647): warning: empty expression statement has no effect; remove unnecessary ';' to silence this warning [-Wextra-semi-stmt]
        configASSERT( pxTCB );
                             ^
C:/Users/Admin/AppData/Local/Arm/Packs/ARM/CMSIS-FreeRTOS/10.5.1/Source/tasks.c(2685): warning: empty expression statement has no effect; remove unnecessary ';' to silence this warning [-Wextra-semi-stmt]
                prvAddTaskToReadyList( pxTCB );
                                              ^
C:/Users/Admin/AppData/Local/Arm/Packs/ARM/CMSIS-FreeRTOS/10.5.1/Source/tasks.c(2743): warning: empty expression statement has no effect; remove unnecessary ';' to silence this warning [-Wextra-semi-stmt]
            taskSWITCH_DELAYED_LISTS();
                                      ^
C:/Users/Admin/AppData/Local/Arm/Packs/ARM/CMSIS-FreeRTOS/10.5.1/Source/tasks.c(2793): warning: empty expression statement has no effect; remove unnecessary ';' to silence this warning [-Wextra-semi-stmt]
                    listREMOVE_ITEM( &( pxTCB->xStateListItem ) );
                                                                 ^
C:/Users/Admin/AppData/Local/Arm/Packs/ARM/CMSIS-FreeRTOS/10.5.1/Source/tasks.c(2799): warning: empty expression statement has no effect; remove unnecessary ';' to silence this warning [-Wextra-semi-stmt]
                        listREMOVE_ITEM( &( pxTCB->xEventListItem ) );
                                                                     ^
C:/Users/Admin/AppData/Local/Arm/Packs/ARM/CMSIS-FreeRTOS/10.5.1/Source/tasks.c(2808): warning: empty expression statement has no effect; remove unnecessary ';' to silence this warning [-Wextra-semi-stmt]
                    prvAddTaskToReadyList( pxTCB );
                                                  ^
C:/Users/Admin/AppData/Local/Arm/Packs/ARM/CMSIS-FreeRTOS/10.5.1/Source/tasks.c(3062): warning: empty expression statement has no effect; remove unnecessary ';' to silence this warning [-Wextra-semi-stmt]
        taskSELECT_HIGHEST_PRIORITY_TASK(); /*lint !e9079 void * is used as this macro is used with timers and co-routines too.  Alignment is known to be fine as the type of the pointer stored and retrieved is the same. */
                                          ^
C:/Users/Admin/AppData/Local/Arm/Packs/ARM/CMSIS-FreeRTOS/10.5.1/Source/tasks.c(3086): warning: empty expression statement has no effect; remove unnecessary ';' to silence this warning [-Wextra-semi-stmt]
    configASSERT( pxEventList );
                               ^
C:/Users/Admin/AppData/Local/Arm/Packs/ARM/CMSIS-FreeRTOS/10.5.1/Source/tasks.c(3112): warning: empty expression statement has no effect; remove unnecessary ';' to silence this warning [-Wextra-semi-stmt]
    configASSERT( pxEventList );
                               ^
C:/Users/Admin/AppData/Local/Arm/Packs/ARM/CMSIS-FreeRTOS/10.5.1/Source/tasks.c(3116): warning: empty expression statement has no effect; remove unnecessary ';' to silence this warning [-Wextra-semi-stmt]
    configASSERT( uxSchedulerSuspended != 0 );
                                             ^
C:/Users/Admin/AppData/Local/Arm/Packs/ARM/CMSIS-FreeRTOS/10.5.1/Source/tasks.c(3128): warning: empty expression statement has no effect; remove unnecessary ';' to silence this warning [-Wextra-semi-stmt]
    listINSERT_END( pxEventList, &( pxCurrentTCB->xEventListItem ) );
                                                                    ^
C:/Users/Admin/AppData/Local/Arm/Packs/ARM/CMSIS-FreeRTOS/10.5.1/Source/tasks.c(3140): warning: empty expression statement has no effect; remove unnecessary ';' to silence this warning [-Wextra-semi-stmt]
        configASSERT( pxEventList );
                                   ^
C:/Users/Admin/AppData/Local/Arm/Packs/ARM/CMSIS-FreeRTOS/10.5.1/Source/tasks.c(3152): warning: empty expression statement has no effect; remove unnecessary ';' to silence this warning [-Wextra-semi-stmt]
        listINSERT_END( pxEventList, &( pxCurrentTCB->xEventListItem ) );
                                                                        ^
C:/Users/Admin/AppData/Local/Arm/Packs/ARM/CMSIS-FreeRTOS/10.5.1/Source/tasks.c(3188): warning: empty expression statement has no effect; remove unnecessary ';' to silence this warning [-Wextra-semi-stmt]
    configASSERT( pxUnblockedTCB );
                                  ^
C:/Users/Admin/AppData/Local/Arm/Packs/ARM/CMSIS-FreeRTOS/10.5.1/Source/tasks.c(3189): warning: empty expression statement has no effect; remove unnecessary ';' to silence this warning [-Wextra-semi-stmt]
    listREMOVE_ITEM( &( pxUnblockedTCB->xEventListItem ) );
                                                          ^
C:/Users/Admin/AppData/Local/Arm/Packs/ARM/CMSIS-FreeRTOS/10.5.1/Source/tasks.c(3193): warning: empty expression statement has no effect; remove unnecessary ';' to silence this warning [-Wextra-semi-stmt]
        listREMOVE_ITEM( &( pxUnblockedTCB->xStateListItem ) );
                                                              ^
C:/Users/Admin/AppData/Local/Arm/Packs/ARM/CMSIS-FreeRTOS/10.5.1/Source/tasks.c(3194): warning: empty expression statement has no effect; remove unnecessary ';' to silence this warning [-Wextra-semi-stmt]
        prvAddTaskToReadyList( pxUnblockedTCB );
                                               ^
C:/Users/Admin/AppData/Local/Arm/Packs/ARM/CMSIS-FreeRTOS/10.5.1/Source/tasks.c(3214): warning: empty expression statement has no effect; remove unnecessary ';' to silence this warning [-Wextra-semi-stmt]
        listINSERT_END( &( xPendingReadyList ), &( pxUnblockedTCB->xEventListItem ) );
                                                                                     ^
C:/Users/Admin/AppData/Local/Arm/Packs/ARM/CMSIS-FreeRTOS/10.5.1/Source/tasks.c(3244): warning: empty expression statement has no effect; remove unnecessary ';' to silence this warning [-Wextra-semi-stmt]
    configASSERT( uxSchedulerSuspended != pdFALSE );
                                                   ^
C:/Users/Admin/AppData/Local/Arm/Packs/ARM/CMSIS-FreeRTOS/10.5.1/Source/tasks.c(3252): warning: empty expression statement has no effect; remove unnecessary ';' to silence this warning [-Wextra-semi-stmt]
    configASSERT( pxUnblockedTCB );
                                  ^
C:/Users/Admin/AppData/Local/Arm/Packs/ARM/CMSIS-FreeRTOS/10.5.1/Source/tasks.c(3253): warning: empty expression statement has no effect; remove unnecessary ';' to silence this warning [-Wextra-semi-stmt]
    listREMOVE_ITEM( pxEventListItem );
                                      ^
C:/Users/Admin/AppData/Local/Arm/Packs/ARM/CMSIS-FreeRTOS/10.5.1/Source/tasks.c(3272): warning: empty expression statement has no effect; remove unnecessary ';' to silence this warning [-Wextra-semi-stmt]
    listREMOVE_ITEM( &( pxUnblockedTCB->xStateListItem ) );
                                                          ^
C:/Users/Admin/AppData/Local/Arm/Packs/ARM/CMSIS-FreeRTOS/10.5.1/Source/tasks.c(3273): warning: empty expression statement has no effect; remove unnecessary ';' to silence this warning [-Wextra-semi-stmt]
    prvAddTaskToReadyList( pxUnblockedTCB );
                                           ^
C:/Users/Admin/AppData/Local/Arm/Packs/ARM/CMSIS-FreeRTOS/10.5.1/Source/tasks.c(3288): warning: empty expression statement has no effect; remove unnecessary ';' to silence this warning [-Wextra-semi-stmt]
    configASSERT( pxTimeOut );
                             ^
C:/Users/Admin/AppData/Local/Arm/Packs/ARM/CMSIS-FreeRTOS/10.5.1/Source/tasks.c(3311): warning: empty expression statement has no effect; remove unnecessary ';' to silence this warning [-Wextra-semi-stmt]
    configASSERT( pxTimeOut );
                             ^
C:/Users/Admin/AppData/Local/Arm/Packs/ARM/CMSIS-FreeRTOS/10.5.1/Source/tasks.c(3312): warning: empty expression statement has no effect; remove unnecessary ';' to silence this warning [-Wextra-semi-stmt]
    configASSERT( pxTicksToWait );
                                 ^
C:/Users/Admin/AppData/Local/Arm/Packs/ARM/CMSIS-FreeRTOS/10.5.1/Source/tasks.c(3469): warning: empty expression statement has no effect; remove unnecessary ';' to silence this warning [-Wextra-semi-stmt]
                taskYIELD();
                           ^
C:/Users/Admin/AppData/Local/Arm/Packs/ARM/CMSIS-FreeRTOS/10.5.1/Source/tasks.c(3513): warning: empty expression statement has no effect; remove unnecessary ';' to silence this warning [-Wextra-semi-stmt]
                    configASSERT( xNextTaskUnblockTime >= xTickCount );
                                                                      ^
C:/Users/Admin/AppData/Local/Arm/Packs/ARM/CMSIS-FreeRTOS/10.5.1/Source/tasks.c(3428): warning: function 'prvIdleTask' could be declared with attribute 'noreturn' [-Wmissing-noreturn]
{
^
C:/Users/Admin/AppData/Local/Arm/Packs/ARM/CMSIS-FreeRTOS/10.5.1/Source/tasks.c(3832): warning: empty expression statement has no effect; remove unnecessary ';' to silence this warning [-Wextra-semi-stmt]
            listGET_OWNER_OF_NEXT_ENTRY( pxFirstTCB, pxList ); /*lint !e9079 void * is used as this macro is used with timers and co-routines too.  Alignment is known to be fine as the type of the pointer stored and retrieved is the same. */
                                                             ^
C:/Users/Admin/AppData/Local/Arm/Packs/ARM/CMSIS-FreeRTOS/10.5.1/Source/tasks.c(3840): warning: empty expression statement has no effect; remove unnecessary ';' to silence this warning [-Wextra-semi-stmt]
                listGET_OWNER_OF_NEXT_ENTRY( pxNextTCB, pxList ); /*lint !e9079 void * is used as this macro is used with timers and co-routines too.  Alignment is known to be fine as the type of the pointer stored and retrieved is the same. */
                                                                ^
C:/Users/Admin/AppData/Local/Arm/Packs/ARM/CMSIS-FreeRTOS/10.5.1/Source/tasks.c(4112): warning: empty expression statement has no effect; remove unnecessary ';' to silence this warning [-Wextra-semi-stmt]
                    prvAddTaskToReadyList( pxMutexHolderTCB );
                                                             ^
C:/Users/Admin/AppData/Local/Arm/Packs/ARM/CMSIS-FreeRTOS/10.5.1/Source/tasks.c(4168): warning: empty expression statement has no effect; remove unnecessary ';' to silence this warning [-Wextra-semi-stmt]
            configASSERT( pxTCB == pxCurrentTCB );
                                                 ^
C:/Users/Admin/AppData/Local/Arm/Packs/ARM/CMSIS-FreeRTOS/10.5.1/Source/tasks.c(4169): warning: empty expression statement has no effect; remove unnecessary ';' to silence this warning [-Wextra-semi-stmt]
            configASSERT( pxTCB->uxMutexesHeld );
                                                ^
C:/Users/Admin/AppData/Local/Arm/Packs/ARM/CMSIS-FreeRTOS/10.5.1/Source/tasks.c(4202): warning: empty expression statement has no effect; remove unnecessary ';' to silence this warning [-Wextra-semi-stmt]
                    prvAddTaskToReadyList( pxTCB );
                                                  ^
C:/Users/Admin/AppData/Local/Arm/Packs/ARM/CMSIS-FreeRTOS/10.5.1/Source/tasks.c(4248): warning: empty expression statement has no effect; remove unnecessary ';' to silence this warning [-Wextra-semi-stmt]
            configASSERT( pxTCB->uxMutexesHeld );
                                                ^
C:/Users/Admin/AppData/Local/Arm/Packs/ARM/CMSIS-FreeRTOS/10.5.1/Source/tasks.c(4275): warning: empty expression statement has no effect; remove unnecessary ';' to silence this warning [-Wextra-semi-stmt]
                    configASSERT( pxTCB != pxCurrentTCB );
                                                         ^
C:/Users/Admin/AppData/Local/Arm/Packs/ARM/CMSIS-FreeRTOS/10.5.1/Source/tasks.c(4315): warning: empty expression statement has no effect; remove unnecessary ';' to silence this warning [-Wextra-semi-stmt]
                        prvAddTaskToReadyList( pxTCB );
                                                      ^
C:/Users/Admin/AppData/Local/Arm/Packs/ARM/CMSIS-FreeRTOS/10.5.1/Source/tasks.c(4697): warning: empty expression statement has no effect; remove unnecessary ';' to silence this warning [-Wextra-semi-stmt]
        configASSERT( uxIndexToWait < configTASK_NOTIFICATION_ARRAY_ENTRIES );
                                                                             ^
C:/Users/Admin/AppData/Local/Arm/Packs/ARM/CMSIS-FreeRTOS/10.5.1/Source/tasks.c(4716): warning: empty expression statement has no effect; remove unnecessary ';' to silence this warning [-Wextra-semi-stmt]
                    portYIELD_WITHIN_API();
                                          ^
C:/Users/Admin/AppData/Local/Arm/Packs/ARM/CMSIS-FreeRTOS/10.5.1/Source/tasks.c(4771): warning: empty expression statement has no effect; remove unnecessary ';' to silence this warning [-Wextra-semi-stmt]
        configASSERT( uxIndexToWait < configTASK_NOTIFICATION_ARRAY_ENTRIES );
                                                                             ^
C:/Users/Admin/AppData/Local/Arm/Packs/ARM/CMSIS-FreeRTOS/10.5.1/Source/tasks.c(4795): warning: empty expression statement has no effect; remove unnecessary ';' to silence this warning [-Wextra-semi-stmt]
                    portYIELD_WITHIN_API();
                                          ^
C:/Users/Admin/AppData/Local/Arm/Packs/ARM/CMSIS-FreeRTOS/10.5.1/Source/tasks.c(4859): warning: empty expression statement has no effect; remove unnecessary ';' to silence this warning [-Wextra-semi-stmt]
        configASSERT( uxIndexToNotify < configTASK_NOTIFICATION_ARRAY_ENTRIES );
                                                                               ^
C:/Users/Admin/AppData/Local/Arm/Packs/ARM/CMSIS-FreeRTOS/10.5.1/Source/tasks.c(4860): warning: empty expression statement has no effect; remove unnecessary ';' to silence this warning [-Wextra-semi-stmt]
        configASSERT( xTaskToNotify );
                                     ^
C:/Users/Admin/AppData/Local/Arm/Packs/ARM/CMSIS-FreeRTOS/10.5.1/Source/tasks.c(4913): warning: empty expression statement has no effect; remove unnecessary ';' to silence this warning [-Wextra-semi-stmt]
                    configASSERT( xTickCount == ( TickType_t ) 0 );
                                                                  ^
C:/Users/Admin/AppData/Local/Arm/Packs/ARM/CMSIS-FreeRTOS/10.5.1/Source/tasks.c(4908): warning: default label in switch which covers all enumeration values [-Wcovered-switch-default]
                default:
                ^
C:/Users/Admin/AppData/Local/Arm/Packs/ARM/CMSIS-FreeRTOS/10.5.1/Source/tasks.c(4924): warning: empty expression statement has no effect; remove unnecessary ';' to silence this warning [-Wextra-semi-stmt]
                listREMOVE_ITEM( &( pxTCB->xStateListItem ) );
                                                             ^
C:/Users/Admin/AppData/Local/Arm/Packs/ARM/CMSIS-FreeRTOS/10.5.1/Source/tasks.c(4925): warning: empty expression statement has no effect; remove unnecessary ';' to silence this warning [-Wextra-semi-stmt]
                prvAddTaskToReadyList( pxTCB );
                                              ^
C:/Users/Admin/AppData/Local/Arm/Packs/ARM/CMSIS-FreeRTOS/10.5.1/Source/tasks.c(4928): warning: empty expression statement has no effect; remove unnecessary ';' to silence this warning [-Wextra-semi-stmt]
                configASSERT( listLIST_ITEM_CONTAINER( &( pxTCB->xEventListItem ) ) == NULL );
                                                                                             ^
C:/Users/Admin/AppData/Local/Arm/Packs/ARM/CMSIS-FreeRTOS/10.5.1/Source/tasks.c(4950): warning: empty expression statement has no effect; remove unnecessary ';' to silence this warning [-Wextra-semi-stmt]
                    taskYIELD_IF_USING_PREEMPTION();
                                                   ^
C:/Users/Admin/AppData/Local/Arm/Packs/ARM/CMSIS-FreeRTOS/10.5.1/Source/tasks.c(4984): warning: empty expression statement has no effect; remove unnecessary ';' to silence this warning [-Wextra-semi-stmt]
        configASSERT( xTaskToNotify );
                                     ^
C:/Users/Admin/AppData/Local/Arm/Packs/ARM/CMSIS-FreeRTOS/10.5.1/Source/tasks.c(4985): warning: empty expression statement has no effect; remove unnecessary ';' to silence this warning [-Wextra-semi-stmt]
        configASSERT( uxIndexToNotify < configTASK_NOTIFICATION_ARRAY_ENTRIES );
                                                                               ^
C:/Users/Admin/AppData/Local/Arm/Packs/ARM/CMSIS-FreeRTOS/10.5.1/Source/tasks.c(5056): warning: empty expression statement has no effect; remove unnecessary ';' to silence this warning [-Wextra-semi-stmt]
                    configASSERT( xTickCount == ( TickType_t ) 0 );
                                                                  ^
C:/Users/Admin/AppData/Local/Arm/Packs/ARM/CMSIS-FreeRTOS/10.5.1/Source/tasks.c(5051): warning: default label in switch which covers all enumeration values [-Wcovered-switch-default]
                default:
                ^
C:/Users/Admin/AppData/Local/Arm/Packs/ARM/CMSIS-FreeRTOS/10.5.1/Source/tasks.c(5067): warning: empty expression statement has no effect; remove unnecessary ';' to silence this warning [-Wextra-semi-stmt]
                configASSERT( listLIST_ITEM_CONTAINER( &( pxTCB->xEventListItem ) ) == NULL );
                                                                                             ^
C:/Users/Admin/AppData/Local/Arm/Packs/ARM/CMSIS-FreeRTOS/10.5.1/Source/tasks.c(5071): warning: empty expression statement has no effect; remove unnecessary ';' to silence this warning [-Wextra-semi-stmt]
                    listREMOVE_ITEM( &( pxTCB->xStateListItem ) );
                                                                 ^
C:/Users/Admin/AppData/Local/Arm/Packs/ARM/CMSIS-FreeRTOS/10.5.1/Source/tasks.c(5072): warning: empty expression statement has no effect; remove unnecessary ';' to silence this warning [-Wextra-semi-stmt]
                    prvAddTaskToReadyList( pxTCB );
                                                  ^
C:/Users/Admin/AppData/Local/Arm/Packs/ARM/CMSIS-FreeRTOS/10.5.1/Source/tasks.c(5078): warning: empty expression statement has no effect; remove unnecessary ';' to silence this warning [-Wextra-semi-stmt]
                    listINSERT_END( &( xPendingReadyList ), &( pxTCB->xEventListItem ) );
                                                                                        ^
C:/Users/Admin/AppData/Local/Arm/Packs/ARM/CMSIS-FreeRTOS/10.5.1/Source/tasks.c(5119): warning: empty expression statement has no effect; remove unnecessary ';' to silence this warning [-Wextra-semi-stmt]
        configASSERT( xTaskToNotify );
                                     ^
C:/Users/Admin/AppData/Local/Arm/Packs/ARM/CMSIS-FreeRTOS/10.5.1/Source/tasks.c(5120): warning: empty expression statement has no effect; remove unnecessary ';' to silence this warning [-Wextra-semi-stmt]
        configASSERT( uxIndexToNotify < configTASK_NOTIFICATION_ARRAY_ENTRIES );
                                                                               ^
C:/Users/Admin/AppData/Local/Arm/Packs/ARM/CMSIS-FreeRTOS/10.5.1/Source/tasks.c(5158): warning: empty expression statement has no effect; remove unnecessary ';' to silence this warning [-Wextra-semi-stmt]
                configASSERT( listLIST_ITEM_CONTAINER( &( pxTCB->xEventListItem ) ) == NULL );
                                                                                             ^
C:/Users/Admin/AppData/Local/Arm/Packs/ARM/CMSIS-FreeRTOS/10.5.1/Source/tasks.c(5162): warning: empty expression statement has no effect; remove unnecessary ';' to silence this warning [-Wextra-semi-stmt]
                    listREMOVE_ITEM( &( pxTCB->xStateListItem ) );
                                                                 ^
C:/Users/Admin/AppData/Local/Arm/Packs/ARM/CMSIS-FreeRTOS/10.5.1/Source/tasks.c(5163): warning: empty expression statement has no effect; remove unnecessary ';' to silence this warning [-Wextra-semi-stmt]
                    prvAddTaskToReadyList( pxTCB );
                                                  ^
C:/Users/Admin/AppData/Local/Arm/Packs/ARM/CMSIS-FreeRTOS/10.5.1/Source/tasks.c(5169): warning: empty expression statement has no effect; remove unnecessary ';' to silence this warning [-Wextra-semi-stmt]
                    listINSERT_END( &( xPendingReadyList ), &( pxTCB->xEventListItem ) );
                                                                                        ^
C:/Users/Admin/AppData/Local/Arm/Packs/ARM/CMSIS-FreeRTOS/10.5.1/Source/tasks.c(5206): warning: empty expression statement has no effect; remove unnecessary ';' to silence this warning [-Wextra-semi-stmt]
        configASSERT( uxIndexToClear < configTASK_NOTIFICATION_ARRAY_ENTRIES );
                                                                              ^
C:/Users/Admin/AppData/Local/Arm/Packs/ARM/CMSIS-FreeRTOS/10.5.1/Source/tasks.c(5332): warning: empty expression statement has no effect; remove unnecessary ';' to silence this warning [-Wextra-semi-stmt]
            listINSERT_END( &xSuspendedTaskList, &( pxCurrentTCB->xStateListItem ) );
                                                                                    ^
113 warnings generated.
compiling tasks.c...
linking...
Program Size: Code=12790 RO-data=582 RW-data=8 ZI-data=68152  
".\Objects\Lab1.axf" - 0 Error(s), 232 Warning(s).

<h2>Software Packages used:</h2>

Package Vendor: ARM
                https://www.keil.com/pack/ARM.CMSIS.6.0.0.pack
                ARM.CMSIS.6.0.0
                CMSIS (Common Microcontroller Software Interface Standard)
   * Component: CORE Version: 6.0.0

Package Vendor: ARM
                https://www.keil.com/pack/ARM.CMSIS-FreeRTOS.10.5.1.pack
                ARM.CMSIS-FreeRTOS.10.5.1
                Bundle of FreeRTOS for Cortex-M and Cortex-A
   * Component: Config Variant: FreeRTOS Version: 10.5.1
   * Component: Core Variant: Cortex-M Version: 10.5.1
   * Component: Heap Variant: Heap_4 Version: 10.5.1
   * Component: Timers Version: 10.5.1

Package Vendor: Keil
                http://www.keil.com/pack/Keil.STM32L4xx_DFP.2.6.1.pack
                Keil.STM32L4xx_DFP.2.6.1
                STMicroelectronics STM32L4 Series Device Support, Drivers and Examples
   * Component: Startup Version: 1.3.1

<h2>Collection of Component include folders:</h2>
  .\RTE\RTOS
  .\RTE\_Target_1
  C:\Users\Admin\AppData\Local\Arm\Packs\ARM\CMSIS-FreeRTOS\10.5.1\CMSIS\RTOS2\FreeRTOS\Include
  C:\Users\Admin\AppData\Local\Arm\Packs\ARM\CMSIS-FreeRTOS\10.5.1\Source\include
  C:\Users\Admin\AppData\Local\Arm\Packs\ARM\CMSIS-FreeRTOS\10.5.1\Source\portable\GCC\ARM_CM4F
  C:\Users\Admin\AppData\Local\Arm\Packs\ARM\CMSIS\6.0.0\CMSIS\Core\Include
  C:\Users\Admin\AppData\Local\Arm\Packs\Keil\STM32L4xx_DFP\2.6.1\Drivers\CMSIS\Device\ST\STM32L4xx\Include

<h2>Collection of Component Files used:</h2>

   * Component: ARM.FreeRTOS::RTOS:Config:FreeRTOS:10.5.1
      Include file:  Config\ARMCM\FreeRTOSConfig.h

   * Component: ARM.FreeRTOS::RTOS:Core:Cortex-M:10.5.1
      Source file:   Source\portable\GCC\ARM_CM4F\port.c
      Source file:   CMSIS\RTOS2\FreeRTOS\Source\freertos_evr.c
      Include file:  Source\include\task.h
      Source file:   Source\list.c
      Source file:   Source\tasks.c
      Include file:  Source\include\FreeRTOS.h
      Source file:   Source\queue.c
      Include file:  Source\include\semphr.h
      Include file:  Source\include\queue.h

   * Component: ARM.FreeRTOS::RTOS:Heap:Heap_4:10.5.1
      Source file:   Source\portable\MemMang\heap_4.c

   * Component: ARM.FreeRTOS::RTOS:Timers:10.5.1
      Source file:   Source\timers.c
      Include file:  Source\include\timers.h

   * Component: ARM::CMSIS:CORE:6.0.0

   * Component: Keil::Device:Startup:1.3.1
      Source file:   MDK\Device\Source\ARM\STM32L4xx_DB_OPT.s
      Include file:  Drivers\CMSIS\Device\ST\STM32L4xx\Include\stm32l4xx.h
      Source file:   Drivers\CMSIS\Device\ST\STM32L4xx\Source\Templates\arm\startup_stm32l476xx.s
      Source file:   Drivers\CMSIS\Device\ST\STM32L4xx\Source\Templates\system_stm32l4xx.c
Build Time Elapsed:  00:00:04
</pre>
</body>
</html>
